2026-07-23 11:50:02,096 [trainer.py] Run: emogo_finetune_B0-I7_seed1993
2026-07-23 11:50:02,097 [trainer.py] Config: {
  "prefix": "emogo",
  "method": "finetune",
  "protocol": "B0-I7",
  "seed": 1993,
  "data_dir": "C:\\Users\\User\\Documents\\Rio Fardinan\\EmoEmo\\emogo\\data",
  "train_fname": "train.tsv",
  "test_fname": "test.tsv",
  "emotion_file": "C:\\Users\\User\\Documents\\Rio Fardinan\\EmoEmo\\emogo\\data\\emotions.txt",
  "drop_neutral": false,
  "class_order": "file",
  "init_cls": 7,
  "increment": 7,
  "total_class": 28,
  "model_name": "bert-base-cased",
  "do_lower_case": false,
  "max_seq_length": 50,
  "classifier_dropout": 0.1,
  "batch_size": 16,
  "eval_batch_size": 64,
  "learning_rate": 5e-05,
  "init_epochs": 4,
  "epochs": 4,
  "warmup_proportion": 0.1,
  "weight_decay_rate": 0.01,
  "adam_beta1": 0.9,
  "adam_beta2": 0.999,
  "adam_epsilon": 1e-06,
  "max_grad_norm": 1.0,
  "exclude_from_weight_decay": [
    "LayerNorm",
    "layer_norm",
    "bias"
  ],
  "drop_last": true,
  "fp16": false,
  "num_workers": 4,
  "lwf_lamda": 3.0,
  "memory_size": 500,
  "memory_per_class": 20,
  "fixed_memory": true,
  "buffer_type": "prs",
  "feature_dim": 64,
  "lamda_le": 0.005,
  "lamda_kd_logits": 1.0,
  "lamda_kd_relation_data": 1.0,
  "lamda_kd_relation_aff": 0.1,
  "ld": false,
  "vad_lexicon_path": "C:\\Users\\User\\Documents\\Rio Fardinan\\EmoEmo\\emogo\\data\\NRC-VAD-Lexicon-v2.1.txt",
  "use_vad_dims": [
    0,
    1,
    2
  ],
  "output_dir": "./results",
  "device": "cuda"
}
2026-07-23 11:50:04,031 [_http.py] Warning: You are sending unauthenticated requests to the HF Hub. Please set a HF_TOKEN to enable higher rate limits and faster downloads.
2026-07-23 11:50:05,185 [data_manager.py] Class order: ['admiration', 'amusement', 'anger', 'annoyance', 'approval', 'caring', 'confusion', 'curiosity', 'desire', 'disappointment', 'disapproval', 'disgust', 'embarrassment', 'excitement', 'fear', 'gratitude', 'grief', 'joy', 'love', 'nervousness', 'optimism', 'pride', 'realization', 'relief', 'remorse', 'sadness', 'surprise', 'neutral']
2026-07-23 11:50:05,185 [data_manager.py] Task sizes: [7, 7, 7, 7] (4 tasks)
2026-07-23 11:50:06,319 [data_manager.py] Loaded train.tsv: 43410 examples
2026-07-23 11:50:06,610 [data_manager.py] Loaded test.tsv: 5427 examples
2026-07-23 11:50:07,349 [finetune.py] Task 0 — learning classes 0-7: ['admiration', 'amusement', 'anger', 'annoyance', 'approval', 'caring', 'confusion']
2026-07-23 11:50:07,351 [data_manager.py] task 0 train: 14889 samples, 7 label columns
2026-07-23 11:50:07,352 [data_manager.py] task 0 test: 1810 samples, 7 label columns
2026-07-23 11:50:07,580 [finetune.py] Task 0 — 4 epochs x 930 steps = 3720 steps (warmup 372)
2026-07-23 11:51:05,899 [finetune.py] Task 0 epoch 1/4 — loss 0.2675 (58.3s)
2026-07-23 11:52:04,360 [finetune.py] Task 0 epoch 2/4 — loss 0.1577 (58.5s)
2026-07-23 11:53:02,849 [finetune.py] Task 0 epoch 3/4 — loss 0.0980 (58.5s)
2026-07-23 11:54:00,801 [finetune.py] Task 0 epoch 4/4 — loss 0.0624 (58.0s)
2026-07-23 11:54:07,033 [trainer.py] == Task 1/4 done in 239.7s — mAP 0.7605 | maF1 0.7189 | miF1 0.7373
2026-07-23 11:54:07,033 [trainer.py] mAP curve:    [0.7605]
2026-07-23 11:54:07,033 [trainer.py] maF1 curve:   [0.7189]
2026-07-23 11:54:07,033 [trainer.py] miF1 curve:   [0.7373]
2026-07-23 11:54:07,036 [finetune.py] Task 1 — learning classes 7-14: ['curiosity', 'desire', 'disappointment', 'disapproval', 'disgust', 'embarrassment', 'excitement']
2026-07-23 11:54:07,038 [data_manager.py] task 1 train: 7800 samples, 7 label columns
2026-07-23 11:54:07,039 [data_manager.py] task 1 test: 2662 samples, 14 label columns
2026-07-23 11:54:07,044 [finetune.py] Task 1 — 4 epochs x 487 steps = 1948 steps (warmup 194)
2026-07-23 11:54:40,083 [finetune.py] Task 1 epoch 1/4 — loss 0.1532 (33.0s)
2026-07-23 11:55:12,884 [finetune.py] Task 1 epoch 2/4 — loss 0.0826 (32.8s)
2026-07-23 11:55:45,793 [finetune.py] Task 1 epoch 3/4 — loss 0.0542 (32.9s)
2026-07-23 11:56:19,061 [finetune.py] Task 1 epoch 4/4 — loss 0.0350 (33.3s)
2026-07-23 11:56:25,784 [trainer.py] == Task 2/4 done in 138.7s — mAP 0.3358 | maF1 0.2190 | miF1 0.2850
2026-07-23 11:56:25,784 [trainer.py] mAP curve:    [0.7605, 0.3358]
2026-07-23 11:56:25,784 [trainer.py] maF1 curve:   [0.7189, 0.219]
2026-07-23 11:56:25,784 [trainer.py] miF1 curve:   [0.7373, 0.285]
2026-07-23 11:56:25,787 [finetune.py] Task 2 — learning classes 14-21: ['fear', 'gratitude', 'grief', 'joy', 'love', 'nervousness', 'optimism']
2026-07-23 11:56:25,789 [data_manager.py] task 2 train: 8232 samples, 7 label columns
2026-07-23 11:56:25,789 [data_manager.py] task 2 test: 3451 samples, 21 label columns
2026-07-23 11:56:25,793 [finetune.py] Task 2 — 4 epochs x 514 steps = 2056 steps (warmup 205)
2026-07-23 11:57:00,051 [finetune.py] Task 2 epoch 1/4 — loss 0.0810 (34.3s)
2026-07-23 11:57:34,416 [finetune.py] Task 2 epoch 2/4 — loss 0.0352 (34.4s)
2026-07-23 11:58:08,804 [finetune.py] Task 2 epoch 3/4 — loss 0.0252 (34.4s)
2026-07-23 11:58:43,583 [finetune.py] Task 2 epoch 4/4 — loss 0.0183 (34.8s)
2026-07-23 11:58:51,074 [trainer.py] == Task 3/4 done in 145.3s — mAP 0.2451 | maF1 0.1470 | miF1 0.2681
2026-07-23 11:58:51,074 [trainer.py] mAP curve:    [0.7605, 0.3358, 0.2451]
2026-07-23 11:58:51,074 [trainer.py] maF1 curve:   [0.7189, 0.219, 0.147]
2026-07-23 11:58:51,074 [trainer.py] miF1 curve:   [0.7373, 0.285, 0.2681]
2026-07-23 11:58:51,076 [finetune.py] Task 3 — learning classes 21-28: ['pride', 'realization', 'relief', 'remorse', 'sadness', 'surprise', 'neutral']
2026-07-23 11:58:51,079 [data_manager.py] task 3 train: 18222 samples, 7 label columns
2026-07-23 11:58:51,080 [data_manager.py] task 3 test: 5427 samples, 28 label columns
2026-07-23 11:58:51,084 [finetune.py] Task 3 — 4 epochs x 1138 steps = 4552 steps (warmup 455)
2026-07-23 12:00:01,384 [finetune.py] Task 3 epoch 1/4 — loss 0.0462 (70.3s)
2026-07-23 12:01:11,292 [finetune.py] Task 3 epoch 2/4 — loss 0.0269 (69.9s)
2026-07-23 12:02:21,487 [finetune.py] Task 3 epoch 3/4 — loss 0.0194 (70.2s)
2026-07-23 12:03:31,285 [finetune.py] Task 3 epoch 4/4 — loss 0.0128 (69.8s)
2026-07-23 12:03:39,848 [trainer.py] == Task 4/4 done in 288.8s — mAP 0.1451 | maF1 0.1056 | miF1 0.3395
2026-07-23 12:03:39,848 [trainer.py] mAP curve:    [0.7605, 0.3358, 0.2451, 0.1451]
2026-07-23 12:03:39,848 [trainer.py] maF1 curve:   [0.7189, 0.219, 0.147, 0.1056]
2026-07-23 12:03:39,848 [trainer.py] miF1 curve:   [0.7373, 0.285, 0.2681, 0.3395]
2026-07-23 12:03:39,853 [trainer.py] FINAL — Avg mAP 0.3716 | Avg maF1 0.2976 | Avg miF1 0.4075
2026-07-23 12:03:39,853 [trainer.py] FINAL — Last mAP 0.1451 | Last maF1 0.1056 | Last miF1 0.3395
2026-07-23 12:03:39,853 [trainer.py] Results written to ./results\finetune\B0-I7\seed1993
